交易日期  時間,摘要,提,存,帳戶餘額,存摺備註  對方銀行代碼/帳號,轉帳留言
2022-10-10 18:05:16,Test,100,,100,TestComment,
