交易日期,帳務日期,帳戶餘額,金額,摘要,類別,備註,備忘錄,轉帳說明
2022-10-20,2022-10-20,NT$1000,-NT$100,TestSummary,其他,TestComment,-,
2022-10-13,2022-10-13,NT$1700,NT$700,TestSummary,收入,TestComment,-,-
