消費日期,入帳日期,卡別,金額,消費明細,外幣幣別與金額,類別,備忘錄
2022-10-16,2022-10-20,TestCard,-NT$130,TestComment,-,其他,-
2022-10-15,2022-10-19,TestCard,-NT$358,TestComment,-,其他,-
